warning: in the working copy of '.githooks/post-commit', LF will be replaced by CRLF the next time Git touches it
warning: in the working copy of '.gitignore', LF will be replaced by CRLF the next time Git touches it
warning: in the working copy of 'AGENTS.md', LF will be replaced by CRLF the next time Git touches it
warning: in the working copy of 'artifacts/provider_audit/2026-07-20/provider_audit_summary.md', LF will be replaced by CRLF the next time Git touches it
warning: in the working copy of 'docs/handoffs/CODEX_UNBLOCK_20260721.md', LF will be replaced by CRLF the next time Git touches it
warning: in the working copy of 'docs/methodology_decisions.md', LF will be replaced by CRLF the next time Git touches it
warning: in the working copy of 'docs/recovery/compatibility_matrix.md', LF will be replaced by CRLF the next time Git touches it
warning: in the working copy of 'docs/recovery/completion_audit.md', LF will be replaced by CRLF the next time Git touches it
warning: in the working copy of 'docs/recovery/current_state_verification.md', LF will be replaced by CRLF the next time Git touches it
warning: in the working copy of 'docs/recovery/initial_repository_state.md', LF will be replaced by CRLF the next time Git touches it
warning: in the working copy of 'docs/recovery/spec_kit_analysis_report.md', LF will be replaced by CRLF the next time Git touches it
warning: in the working copy of 'docs/risk_register.md', LF will be replaced by CRLF the next time Git touches it
warning: in the working copy of 'notebooks/MDS650_Research_Pipeline.ipynb', LF will be replaced by CRLF the next time Git touches it
warning: in the working copy of 'scripts/build_b2_calibration_20d.py', LF will be replaced by CRLF the next time Git touches it
warning: in the working copy of 'scripts/download_calibration_20d.py', LF will be replaced by CRLF the next time Git touches it
warning: in the working copy of 'scripts/fix_fmp_missing_window.py', LF will be replaced by CRLF the next time Git touches it
warning: in the working copy of 'scripts/freeze_phase5_preregistration.py', LF will be replaced by CRLF the next time Git touches it
warning: in the working copy of 'scripts/gbrain_sync.ps1', LF will be replaced by CRLF the next time Git touches it
warning: in the working copy of 'scripts/materialize_backfill_from_raw.py', LF will be replaced by CRLF the next time Git touches it
warning: in the working copy of 'scripts/pit_verify_term_structure.py', LF will be replaced by CRLF the next time Git touches it
warning: in the working copy of 'scripts/provider_audit_v1.py', LF will be replaced by CRLF the next time Git touches it
warning: in the working copy of 'scripts/run_b1_calibration_20d.py', LF will be replaced by CRLF the next time Git touches it
warning: in the working copy of 'scripts/run_b1_closure.py', LF will be replaced by CRLF the next time Git touches it
warning: in the working copy of 'scripts/run_phase4b.py', LF will be replaced by CRLF the next time Git touches it
warning: in the working copy of 'scripts/run_phase5_holdout.py', LF will be replaced by CRLF the next time Git touches it
warning: in the working copy of 'scripts/run_window_pipeline.py', LF will be replaced by CRLF the next time Git touches it
warning: in the working copy of 'scripts/window_probe_v1.py', LF will be replaced by CRLF the next time Git touches it
warning: in the working copy of 'specs/001-pit-options-rv30/checklists/requirements.md', LF will be replaced by CRLF the next time Git touches it
warning: in the working copy of 'specs/001-pit-options-rv30/contracts/benchmark-evaluation-contract.md', LF will be replaced by CRLF the next time Git touches it
warning: in the working copy of 'specs/001-pit-options-rv30/contracts/pilot-dataset-contract.md', LF will be replaced by CRLF the next time Git touches it
warning: in the working copy of 'specs/001-pit-options-rv30/data-model.md', LF will be replaced by CRLF the next time Git touches it
warning: in the working copy of 'specs/001-pit-options-rv30/plan.md', LF will be replaced by CRLF the next time Git touches it
warning: in the working copy of 'specs/001-pit-options-rv30/quickstart.md', LF will be replaced by CRLF the next time Git touches it
warning: in the working copy of 'specs/001-pit-options-rv30/research.md', LF will be replaced by CRLF the next time Git touches it
warning: in the working copy of 'specs/001-pit-options-rv30/spec.md', LF will be replaced by CRLF the next time Git touches it
warning: in the working copy of 'specs/001-pit-options-rv30/tasks.md', LF will be replaced by CRLF the next time Git touches it
warning: in the working copy of 'src/mds650/events.py', LF will be replaced by CRLF the next time Git touches it
warning: in the working copy of 'tests/contract/test_phase5_development_evaluation.py', LF will be replaced by CRLF the next time Git touches it
warning: in the working copy of 'tests/contract/test_phase5_development_sources.py', LF will be replaced by CRLF the next time Git touches it
warning: in the working copy of 'tests/unit/test_audit_manifest.py', LF will be replaced by CRLF the next time Git touches it
