F                                                                        [100%]
================================== FAILURES ===================================
____________ test_method_freeze_hashes_exact_development_evidence _____________

    def test_method_freeze_hashes_exact_development_evidence() -> None:
        freeze = _json(FREEZE)
    
        assert freeze["status"] == "FROZEN_AFTER_DEVELOPMENT_BEFORE_HOLDOUT"
        assert freeze["holdout_reads"] == 0
        assert len(freeze["holdout_hyperparameters"]) == 6
        assert {
            "scripts/build_phase5_stability_inputs.py",
            "scripts/run_phase4b.py",
            "scripts/run_phase5_holdout.py",
            "src/mds650/holdout.py",
            "src/mds650/stability.py",
            "src/mds650/study_design.py",
        } <= set(freeze["source_code_hashes"])
        drift_path = PHASE5 / "historical_source_drift.json"
        drift = _json(drift_path)
        observed_drift = [
            {
                "path": relative_path,
                "frozen_sha256": digest,
                "current_sha256": source_sha256(ROOT / relative_path),
            }
            for relative_path, digest in freeze["source_code_hashes"].items()
            if digest != source_sha256(ROOT / relative_path)
        ]
        assert drift["status"] == "ACKNOWLEDGED_POST_HOLDOUT_SOURCE_DRIFT"
        assert drift["phase5_method_freeze_rewritten"] is False
        assert drift["phase6_requires_independent_source_freeze"] is True
>       assert drift["mismatch_count"] == len(observed_drift)
E       AssertionError: assert 4 == 6
E        +  where 6 = len([{'current_sha256': '465ce6a345ffc917474398aeda3f288e01e6644dab53d8f2bcb7751d330974d1', 'frozen_sha256': '32a27f70a644..._sha256': '506aa217fc95f542cbeb8eb197bf537387ff3e59c4f82c04e2fe3acf61011e86', 'path': 'scripts/run_phase5_holdout.py'}])

tests\contract\test_phase5_development_evaluation.py:150: AssertionError
=========================== short test summary info ===========================
FAILED tests/contract/test_phase5_development_evaluation.py::test_method_freeze_hashes_exact_development_evidence
