command_index=1
command=uv sync --frozen --link-mode copy
exit_code=0
stdout:

stderr:
warning: `VIRTUAL_ENV=.venv` does not match the project environment path `<DATA_ROOT>\b1v3_confirmation\clean_install\b1v3-clean-i06r6ha_\.venv` and will be ignored; use `--active` to target the active environment instead
Using CPython 3.12.12
Creating virtual environment at: <DATA_ROOT>\b1v3_confirmation\clean_install\b1v3-clean-i06r6ha_\.venv
Installed 51 packages in 1.70s
 + annotated-types==0.7.0
 + anyio==4.14.2
 + attrs==26.1.0
 + certifi==2026.6.17
 + colorama==0.4.6
 + coverage==7.15.2
 + duckdb==1.5.4
 + exchange-calendars==4.13.2
 + h11==0.16.0
 + httpcore==1.0.9
 + httpx==0.28.1
 + idna==3.18
 + iniconfig==2.3.0
 + joblib==1.5.3
 + jsonschema==4.26.0
 + jsonschema-specifications==2025.9.1
 + korean-lunar-calendar==0.4.0
 + librt==0.13.0
 + lightgbm==4.7.0
 + mds650-research-pipeline==0.1.0 (from file:///<WORKSPACE>)
 + mypy==1.20.2
 + mypy-extensions==1.1.0
 + narwhals==2.24.0
 + numpy==2.5.1
 + packaging==26.2
 + pandas==3.0.3
 + pathspec==1.1.1
 + pluggy==1.6.0
 + polars==1.42.1
 + polars-runtime-32==1.42.1
 + pyarrow==22.0.0
 + pydantic==2.13.4
 + pydantic-core==2.46.4
 + pydantic-settings==2.14.2
 + pygments==2.20.0
 + pyluach==2.3.0
 + pytest==8.4.2
 + pytest-cov==7.1.0
 + python-dateutil==2.9.0.post0
 + python-dotenv==1.2.2
 + referencing==0.37.0
 + rpds-py==2026.6.3
 + ruff==0.15.22
 + scikit-learn==1.9.0
 + scipy==1.18.0
 + six==1.17.0
 + threadpoolctl==3.6.0
 + toolz==1.1.0
 + typing-extensions==4.16.0
 + typing-inspection==0.4.2
 + tzdata==2026.3

command_index=2
command=uv run python -c import duckdb,lightgbm,polars,pyarrow,sklearn;print('imports=PASS')
exit_code=0
stdout:
imports=PASS

stderr:
warning: `VIRTUAL_ENV=.venv` does not match the project environment path `<DATA_ROOT>\b1v3_confirmation\clean_install\b1v3-clean-i06r6ha_\.venv` and will be ignored; use `--active` to target the active environment instead

